[2025-05-02T10:30:06.292+0530][gc] Using G1
[2025-05-02T10:30:06.299+0530][gc,init] Version: 17.0.8+9-LTS-211 (release)
[2025-05-02T10:30:06.299+0530][gc,init] CPUs: 8 total, 8 available
[2025-05-02T10:30:06.299+0530][gc,init] Memory: 16384M
[2025-05-02T10:30:06.299+0530][gc,init] Large Page Support: Disabled
[2025-05-02T10:30:06.299+0530][gc,init] NUMA Support: Disabled
[2025-05-02T10:30:06.299+0530][gc,init] Compressed Oops: Enabled (Zero based)
[2025-05-02T10:30:06.299+0530][gc,init] Heap Region Size: 1M
[2025-05-02T10:30:06.299+0530][gc,init] Heap Min Capacity: 1G
[2025-05-02T10:30:06.299+0530][gc,init] Heap Initial Capacity: 1G
[2025-05-02T10:30:06.299+0530][gc,init] Heap Max Capacity: 1G
[2025-05-02T10:30:06.299+0530][gc,init] Pre-touch: Disabled
[2025-05-02T10:30:06.299+0530][gc,init] Parallel Workers: 8
[2025-05-02T10:30:06.299+0530][gc,init] Concurrent Workers: 2
[2025-05-02T10:30:06.299+0530][gc,init] Concurrent Refinement Workers: 8
[2025-05-02T10:30:06.299+0530][gc,init] Periodic GC: Disabled
[2025-05-02T10:30:06.307+0530][gc,metaspace] CDS archive(s) mapped at: [0x0000000128000000-0x0000000128be4000-0x0000000128be4000), size 12468224, SharedBaseAddress: 0x0000000128000000, ArchiveRelocationMode: 1.
[2025-05-02T10:30:06.307+0530][gc,metaspace] Compressed class space mapped at: 0x0000000129000000-0x0000000169000000, reserved size: 1073741824
[2025-05-02T10:30:06.307+0530][gc,metaspace] Narrow klass base: 0x0000000128000000, Narrow klass shift: 0, Narrow klass range: 0x100000000
[2025-05-02T10:30:08.122+0530][gc,start    ] GC(0) Pause Young (Normal) (G1 Evacuation Pause)
[2025-05-02T10:30:08.122+0530][gc,task     ] GC(0) Using 8 workers of 8 for evacuation
[2025-05-02T10:30:08.129+0530][gc,phases   ] GC(0)   Pre Evacuate Collection Set: 0.1ms
[2025-05-02T10:30:08.129+0530][gc,phases   ] GC(0)   Merge Heap Roots: 0.1ms
[2025-05-02T10:30:08.129+0530][gc,phases   ] GC(0)   Evacuate Collection Set: 6.0ms
[2025-05-02T10:30:08.129+0530][gc,phases   ] GC(0)   Post Evacuate Collection Set: 0.4ms
[2025-05-02T10:30:08.129+0530][gc,phases   ] GC(0)   Other: 0.6ms
[2025-05-02T10:30:08.129+0530][gc,heap     ] GC(0) Eden regions: 51->0(44)
[2025-05-02T10:30:08.129+0530][gc,heap     ] GC(0) Survivor regions: 0->7(7)
[2025-05-02T10:30:08.129+0530][gc,heap     ] GC(0) Old regions: 0->1
[2025-05-02T10:30:08.129+0530][gc,heap     ] GC(0) Archive regions: 2->2
[2025-05-02T10:30:08.129+0530][gc,heap     ] GC(0) Humongous regions: 0->0
[2025-05-02T10:30:08.129+0530][gc,metaspace] GC(0) Metaspace: 17565K(17728K)->17565K(17728K) NonClass: 15421K(15488K)->15421K(15488K) Class: 2143K(2240K)->2143K(2240K)
[2025-05-02T10:30:08.129+0530][gc          ] GC(0) Pause Young (Normal) (G1 Evacuation Pause) 51M->8M(1024M) 7.513ms
[2025-05-02T10:30:08.130+0530][gc,cpu      ] GC(0) User=0.03s Sys=0.01s Real=0.01s
[2025-05-02T10:30:08.615+0530][gc,start    ] GC(1) Pause Young (Concurrent Start) (Metadata GC Threshold)
[2025-05-02T10:30:08.615+0530][gc,task     ] GC(1) Using 8 workers of 8 for evacuation
[2025-05-02T10:30:08.623+0530][gc,phases   ] GC(1)   Pre Evacuate Collection Set: 0.1ms
[2025-05-02T10:30:08.623+0530][gc,phases   ] GC(1)   Merge Heap Roots: 0.1ms
[2025-05-02T10:30:08.623+0530][gc,phases   ] GC(1)   Evacuate Collection Set: 6.9ms
[2025-05-02T10:30:08.623+0530][gc,phases   ] GC(1)   Post Evacuate Collection Set: 0.4ms
[2025-05-02T10:30:08.623+0530][gc,phases   ] GC(1)   Other: 0.2ms
[2025-05-02T10:30:08.623+0530][gc,heap     ] GC(1) Eden regions: 16->0(48)
[2025-05-02T10:30:08.623+0530][gc,heap     ] GC(1) Survivor regions: 7->3(7)
[2025-05-02T10:30:08.623+0530][gc,heap     ] GC(1) Old regions: 1->8
[2025-05-02T10:30:08.623+0530][gc,heap     ] GC(1) Archive regions: 2->2
[2025-05-02T10:30:08.623+0530][gc,heap     ] GC(1) Humongous regions: 129->129
[2025-05-02T10:30:08.623+0530][gc,metaspace] GC(1) Metaspace: 21338K(21504K)->21338K(21504K) NonClass: 18728K(18816K)->18728K(18816K) Class: 2609K(2688K)->2609K(2688K)
[2025-05-02T10:30:08.623+0530][gc          ] GC(1) Pause Young (Concurrent Start) (Metadata GC Threshold) 153M->140M(1024M) 7.818ms
[2025-05-02T10:30:08.623+0530][gc,cpu      ] GC(1) User=0.03s Sys=0.01s Real=0.01s
[2025-05-02T10:30:08.623+0530][gc          ] GC(2) Concurrent Mark Cycle
[2025-05-02T10:30:08.623+0530][gc,marking  ] GC(2) Concurrent Clear Claimed Marks
[2025-05-02T10:30:08.623+0530][gc,marking  ] GC(2) Concurrent Clear Claimed Marks 0.024ms
[2025-05-02T10:30:08.624+0530][gc,marking  ] GC(2) Concurrent Scan Root Regions
[2025-05-02T10:30:08.627+0530][gc,marking  ] GC(2) Concurrent Scan Root Regions 2.996ms
[2025-05-02T10:30:08.627+0530][gc,marking  ] GC(2) Concurrent Mark
[2025-05-02T10:30:08.627+0530][gc,marking  ] GC(2) Concurrent Mark From Roots
[2025-05-02T10:30:08.627+0530][gc,task     ] GC(2) Using 2 workers of 2 for marking
[2025-05-02T10:30:08.629+0530][gc,marking  ] GC(2) Concurrent Mark From Roots 1.977ms
[2025-05-02T10:30:08.629+0530][gc,marking  ] GC(2) Concurrent Preclean
[2025-05-02T10:30:08.629+0530][gc,marking  ] GC(2) Concurrent Preclean 0.114ms
[2025-05-02T10:30:08.629+0530][gc,start    ] GC(2) Pause Remark
[2025-05-02T10:30:08.631+0530][gc          ] GC(2) Pause Remark 140M->140M(1024M) 2.284ms
[2025-05-02T10:30:08.631+0530][gc,cpu      ] GC(2) User=0.01s Sys=0.00s Real=0.01s
[2025-05-02T10:30:08.631+0530][gc,marking  ] GC(2) Concurrent Mark 4.905ms
[2025-05-02T10:30:08.632+0530][gc,marking  ] GC(2) Concurrent Rebuild Remembered Sets
[2025-05-02T10:30:08.635+0530][gc,marking  ] GC(2) Concurrent Rebuild Remembered Sets 2.987ms
[2025-05-02T10:30:08.635+0530][gc,start    ] GC(2) Pause Cleanup
[2025-05-02T10:30:08.635+0530][gc          ] GC(2) Pause Cleanup 140M->140M(1024M) 0.133ms
[2025-05-02T10:30:08.635+0530][gc,cpu      ] GC(2) User=0.00s Sys=0.00s Real=0.00s
[2025-05-02T10:30:08.635+0530][gc,marking  ] GC(2) Concurrent Cleanup for Next Mark
[2025-05-02T10:30:08.645+0530][gc,marking  ] GC(2) Concurrent Cleanup for Next Mark 9.977ms
[2025-05-02T10:30:08.645+0530][gc          ] GC(2) Concurrent Mark Cycle 21.543ms
[2025-05-02T10:30:09.584+0530][gc,start    ] GC(3) Pause Young (Normal) (G1 Evacuation Pause)
[2025-05-02T10:30:09.584+0530][gc,task     ] GC(3) Using 8 workers of 8 for evacuation
[2025-05-02T10:30:09.590+0530][gc,phases   ] GC(3)   Pre Evacuate Collection Set: 0.1ms
[2025-05-02T10:30:09.590+0530][gc,phases   ] GC(3)   Merge Heap Roots: 0.1ms
[2025-05-02T10:30:09.590+0530][gc,phases   ] GC(3)   Evacuate Collection Set: 4.7ms
[2025-05-02T10:30:09.590+0530][gc,phases   ] GC(3)   Post Evacuate Collection Set: 0.4ms
[2025-05-02T10:30:09.590+0530][gc,phases   ] GC(3)   Other: 0.1ms
[2025-05-02T10:30:09.590+0530][gc,heap     ] GC(3) Eden regions: 48->0(44)
[2025-05-02T10:30:09.590+0530][gc,heap     ] GC(3) Survivor regions: 3->7(7)
[2025-05-02T10:30:09.590+0530][gc,heap     ] GC(3) Old regions: 8->8
[2025-05-02T10:30:09.590+0530][gc,heap     ] GC(3) Archive regions: 2->2
[2025-05-02T10:30:09.590+0530][gc,heap     ] GC(3) Humongous regions: 129->129
[2025-05-02T10:30:09.590+0530][gc,metaspace] GC(3) Metaspace: 32438K(32704K)->32438K(32704K) NonClass: 28839K(28992K)->28839K(28992K) Class: 3599K(3712K)->3599K(3712K)
[2025-05-02T10:30:09.590+0530][gc          ] GC(3) Pause Young (Normal) (G1 Evacuation Pause) 188M->144M(1024M) 5.583ms
[2025-05-02T10:30:09.590+0530][gc,cpu      ] GC(3) User=0.03s Sys=0.00s Real=0.01s
[2025-05-02T10:30:09.834+0530][gc,start    ] GC(4) Pause Young (Concurrent Start) (Metadata GC Threshold)
[2025-05-02T10:30:09.834+0530][gc,task     ] GC(4) Using 8 workers of 8 for evacuation
[2025-05-02T10:30:09.842+0530][gc,phases   ] GC(4)   Pre Evacuate Collection Set: 0.1ms
[2025-05-02T10:30:09.842+0530][gc,phases   ] GC(4)   Merge Heap Roots: 0.1ms
[2025-05-02T10:30:09.842+0530][gc,phases   ] GC(4)   Evacuate Collection Set: 6.5ms
[2025-05-02T10:30:09.842+0530][gc,phases   ] GC(4)   Post Evacuate Collection Set: 0.5ms
[2025-05-02T10:30:09.842+0530][gc,phases   ] GC(4)   Other: 0.2ms
[2025-05-02T10:30:09.842+0530][gc,heap     ] GC(4) Eden regions: 15->0(49)
[2025-05-02T10:30:09.842+0530][gc,heap     ] GC(4) Survivor regions: 7->2(7)
[2025-05-02T10:30:09.842+0530][gc,heap     ] GC(4) Old regions: 8->14
[2025-05-02T10:30:09.842+0530][gc,heap     ] GC(4) Archive regions: 2->2
[2025-05-02T10:30:09.842+0530][gc,heap     ] GC(4) Humongous regions: 129->129
[2025-05-02T10:30:09.842+0530][gc,metaspace] GC(4) Metaspace: 35726K(35968K)->35726K(35968K) NonClass: 31683K(31808K)->31683K(31808K) Class: 4043K(4160K)->4043K(4160K)
[2025-05-02T10:30:09.842+0530][gc          ] GC(4) Pause Young (Concurrent Start) (Metadata GC Threshold) 158M->145M(1024M) 7.641ms
[2025-05-02T10:30:09.842+0530][gc,cpu      ] GC(4) User=0.03s Sys=0.01s Real=0.01s
[2025-05-02T10:30:09.842+0530][gc          ] GC(5) Concurrent Mark Cycle
[2025-05-02T10:30:09.842+0530][gc,marking  ] GC(5) Concurrent Clear Claimed Marks
[2025-05-02T10:30:09.842+0530][gc,marking  ] GC(5) Concurrent Clear Claimed Marks 0.020ms
[2025-05-02T10:30:09.842+0530][gc,marking  ] GC(5) Concurrent Scan Root Regions
[2025-05-02T10:30:09.846+0530][gc,marking  ] GC(5) Concurrent Scan Root Regions 3.724ms
[2025-05-02T10:30:09.846+0530][gc,marking  ] GC(5) Concurrent Mark
[2025-05-02T10:30:09.846+0530][gc,marking  ] GC(5) Concurrent Mark From Roots
[2025-05-02T10:30:09.846+0530][gc,task     ] GC(5) Using 2 workers of 2 for marking
[2025-05-02T10:30:09.853+0530][gc,marking  ] GC(5) Concurrent Mark From Roots 7.609ms
[2025-05-02T10:30:09.853+0530][gc,marking  ] GC(5) Concurrent Preclean
[2025-05-02T10:30:09.853+0530][gc,marking  ] GC(5) Concurrent Preclean 0.061ms
[2025-05-02T10:30:09.854+0530][gc,start    ] GC(5) Pause Remark
[2025-05-02T10:30:09.855+0530][gc          ] GC(5) Pause Remark 145M->145M(1024M) 1.372ms
[2025-05-02T10:30:09.855+0530][gc,cpu      ] GC(5) User=0.01s Sys=0.00s Real=0.00s
[2025-05-02T10:30:09.855+0530][gc,marking  ] GC(5) Concurrent Mark 9.304ms
[2025-05-02T10:30:09.855+0530][gc,marking  ] GC(5) Concurrent Rebuild Remembered Sets
[2025-05-02T10:30:09.855+0530][gc,marking  ] GC(5) Concurrent Rebuild Remembered Sets 0.010ms
[2025-05-02T10:30:09.855+0530][gc,start    ] GC(5) Pause Cleanup
[2025-05-02T10:30:09.855+0530][gc          ] GC(5) Pause Cleanup 145M->145M(1024M) 0.027ms
[2025-05-02T10:30:09.855+0530][gc,cpu      ] GC(5) User=0.00s Sys=0.00s Real=0.00s
[2025-05-02T10:30:09.855+0530][gc,marking  ] GC(5) Concurrent Cleanup for Next Mark
[2025-05-02T10:30:09.864+0530][gc,marking  ] GC(5) Concurrent Cleanup for Next Mark 8.522ms
[2025-05-02T10:30:09.864+0530][gc          ] GC(5) Concurrent Mark Cycle 21.926ms
[2025-05-02T10:43:35.193+0530][gc,start    ] GC(6) Pause Young (Normal) (G1 Evacuation Pause)
[2025-05-02T10:43:35.196+0530][gc,task     ] GC(6) Using 8 workers of 8 for evacuation
[2025-05-02T10:43:35.231+0530][gc,mmu      ] GC(6) MMU target violated: 21.0ms (20.0ms/21.0ms)
[2025-05-02T10:43:35.231+0530][gc,phases   ] GC(6)   Pre Evacuate Collection Set: 2.0ms
[2025-05-02T10:43:35.231+0530][gc,phases   ] GC(6)   Merge Heap Roots: 0.3ms
[2025-05-02T10:43:35.231+0530][gc,phases   ] GC(6)   Evacuate Collection Set: 32.0ms
[2025-05-02T10:43:35.231+0530][gc,phases   ] GC(6)   Post Evacuate Collection Set: 0.7ms
[2025-05-02T10:43:35.231+0530][gc,phases   ] GC(6)   Other: 2.5ms
[2025-05-02T10:43:35.231+0530][gc,heap     ] GC(6) Eden regions: 49->0(47)
[2025-05-02T10:43:35.231+0530][gc,heap     ] GC(6) Survivor regions: 2->4(7)
[2025-05-02T10:43:35.231+0530][gc,heap     ] GC(6) Old regions: 14->14
[2025-05-02T10:43:35.231+0530][gc,heap     ] GC(6) Archive regions: 2->2
[2025-05-02T10:43:35.231+0530][gc,heap     ] GC(6) Humongous regions: 129->129
[2025-05-02T10:43:35.231+0530][gc,metaspace] GC(6) Metaspace: 42504K(43072K)->42504K(43072K) NonClass: 37267K(37568K)->37267K(37568K) Class: 5236K(5504K)->5236K(5504K)
[2025-05-02T10:43:35.231+0530][gc          ] GC(6) Pause Young (Normal) (G1 Evacuation Pause) 194M->146M(1024M) 37.592ms
[2025-05-02T10:43:35.231+0530][gc,cpu      ] GC(6) User=0.04s Sys=0.12s Real=0.04s
[2025-05-02T11:22:25.273+0530][gc,start    ] GC(7) Pause Young (Normal) (G1 Evacuation Pause)
[2025-05-02T11:22:25.274+0530][gc,task     ] GC(7) Using 8 workers of 8 for evacuation
[2025-05-02T11:22:25.306+0530][gc,mmu      ] GC(7) MMU target violated: 21.0ms (20.0ms/21.0ms)
[2025-05-02T11:22:25.306+0530][gc,phases   ] GC(7)   Pre Evacuate Collection Set: 1.1ms
[2025-05-02T11:22:25.306+0530][gc,phases   ] GC(7)   Merge Heap Roots: 0.2ms
[2025-05-02T11:22:25.306+0530][gc,phases   ] GC(7)   Evacuate Collection Set: 30.0ms
[2025-05-02T11:22:25.306+0530][gc,phases   ] GC(7)   Post Evacuate Collection Set: 0.8ms
[2025-05-02T11:22:25.306+0530][gc,phases   ] GC(7)   Other: 0.6ms
[2025-05-02T11:22:25.306+0530][gc,heap     ] GC(7) Eden regions: 47->0(47)
[2025-05-02T11:22:25.306+0530][gc,heap     ] GC(7) Survivor regions: 4->4(7)
[2025-05-02T11:22:25.306+0530][gc,heap     ] GC(7) Old regions: 14->14
[2025-05-02T11:22:25.306+0530][gc,heap     ] GC(7) Archive regions: 2->2
[2025-05-02T11:22:25.306+0530][gc,heap     ] GC(7) Humongous regions: 129->129
[2025-05-02T11:22:25.306+0530][gc,metaspace] GC(7) Metaspace: 43153K(43712K)->43153K(43712K) NonClass: 37912K(38208K)->37912K(38208K) Class: 5241K(5504K)->5241K(5504K)
[2025-05-02T11:22:25.306+0530][gc          ] GC(7) Pause Young (Normal) (G1 Evacuation Pause) 193M->147M(1024M) 32.795ms
[2025-05-02T11:22:25.306+0530][gc,cpu      ] GC(7) User=0.03s Sys=0.10s Real=0.03s
[2025-05-02T11:47:03.172+0530][gc,start    ] GC(8) Pause Young (Normal) (G1 Evacuation Pause)
[2025-05-02T11:47:03.173+0530][gc,task     ] GC(8) Using 8 workers of 8 for evacuation
[2025-05-02T11:47:03.241+0530][gc,mmu      ] GC(8) MMU target violated: 21.0ms (20.0ms/21.0ms)
[2025-05-02T11:47:03.241+0530][gc,phases   ] GC(8)   Pre Evacuate Collection Set: 1.9ms
[2025-05-02T11:47:03.241+0530][gc,phases   ] GC(8)   Merge Heap Roots: 3.0ms
[2025-05-02T11:47:03.241+0530][gc,phases   ] GC(8)   Evacuate Collection Set: 61.6ms
[2025-05-02T11:47:03.241+0530][gc,phases   ] GC(8)   Post Evacuate Collection Set: 1.6ms
[2025-05-02T11:47:03.241+0530][gc,phases   ] GC(8)   Other: 1.0ms
[2025-05-02T11:47:03.241+0530][gc,heap     ] GC(8) Eden regions: 47->0(46)
[2025-05-02T11:47:03.241+0530][gc,heap     ] GC(8) Survivor regions: 4->5(7)
[2025-05-02T11:47:03.242+0530][gc,heap     ] GC(8) Old regions: 14->14
[2025-05-02T11:47:03.242+0530][gc,heap     ] GC(8) Archive regions: 2->2
[2025-05-02T11:47:03.242+0530][gc,heap     ] GC(8) Humongous regions: 129->129
[2025-05-02T11:47:03.242+0530][gc,metaspace] GC(8) Metaspace: 43720K(44288K)->43720K(44288K) NonClass: 38465K(38784K)->38465K(38784K) Class: 5255K(5504K)->5255K(5504K)
[2025-05-02T11:47:03.242+0530][gc          ] GC(8) Pause Young (Normal) (G1 Evacuation Pause) 194M->148M(1024M) 69.234ms
[2025-05-02T11:47:03.242+0530][gc,cpu      ] GC(8) User=0.05s Sys=0.08s Real=0.07s
[2025-05-02T11:50:35.032+0530][gc,start    ] GC(9) Pause Young (Normal) (G1 Evacuation Pause)
[2025-05-02T11:50:35.034+0530][gc,task     ] GC(9) Using 8 workers of 8 for evacuation
[2025-05-02T11:50:35.048+0530][gc,phases   ] GC(9)   Pre Evacuate Collection Set: 0.2ms
[2025-05-02T11:50:35.048+0530][gc,phases   ] GC(9)   Merge Heap Roots: 0.1ms
[2025-05-02T11:50:35.048+0530][gc,phases   ] GC(9)   Evacuate Collection Set: 12.6ms
[2025-05-02T11:50:35.048+0530][gc,phases   ] GC(9)   Post Evacuate Collection Set: 0.9ms
[2025-05-02T11:50:35.048+0530][gc,phases   ] GC(9)   Other: 2.1ms
[2025-05-02T11:50:35.048+0530][gc,heap     ] GC(9) Eden regions: 46->0(46)
[2025-05-02T11:50:35.048+0530][gc,heap     ] GC(9) Survivor regions: 5->5(7)
[2025-05-02T11:50:35.048+0530][gc,heap     ] GC(9) Old regions: 14->17
[2025-05-02T11:50:35.048+0530][gc,heap     ] GC(9) Archive regions: 2->2
[2025-05-02T11:50:35.048+0530][gc,heap     ] GC(9) Humongous regions: 129->129
[2025-05-02T11:50:35.048+0530][gc,metaspace] GC(9) Metaspace: 45314K(45952K)->45314K(45952K) NonClass: 39857K(40192K)->39857K(40192K) Class: 5457K(5760K)->5457K(5760K)
[2025-05-02T11:50:35.048+0530][gc          ] GC(9) Pause Young (Normal) (G1 Evacuation Pause) 194M->151M(1024M) 16.085ms
[2025-05-02T11:50:35.048+0530][gc,cpu      ] GC(9) User=0.07s Sys=0.02s Real=0.01s
[2025-05-02T15:28:25.601+0530][gc,start    ] GC(10) Pause Young (Normal) (G1 Evacuation Pause)
[2025-05-02T15:28:25.603+0530][gc,task     ] GC(10) Using 8 workers of 8 for evacuation
[2025-05-02T15:28:25.624+0530][gc,mmu      ] GC(10) MMU target violated: 21.0ms (20.0ms/21.0ms)
[2025-05-02T15:28:25.624+0530][gc,phases   ] GC(10)   Pre Evacuate Collection Set: 1.0ms
[2025-05-02T15:28:25.624+0530][gc,phases   ] GC(10)   Merge Heap Roots: 0.2ms
[2025-05-02T15:28:25.624+0530][gc,phases   ] GC(10)   Evacuate Collection Set: 19.4ms
[2025-05-02T15:28:25.624+0530][gc,phases   ] GC(10)   Post Evacuate Collection Set: 0.6ms
[2025-05-02T15:28:25.624+0530][gc,phases   ] GC(10)   Other: 2.4ms
[2025-05-02T15:28:25.624+0530][gc,heap     ] GC(10) Eden regions: 46->0(46)
[2025-05-02T15:28:25.624+0530][gc,heap     ] GC(10) Survivor regions: 5->5(7)
[2025-05-02T15:28:25.624+0530][gc,heap     ] GC(10) Old regions: 17->18
[2025-05-02T15:28:25.624+0530][gc,heap     ] GC(10) Archive regions: 2->2
[2025-05-02T15:28:25.624+0530][gc,heap     ] GC(10) Humongous regions: 129->129
[2025-05-02T15:28:25.624+0530][gc,metaspace] GC(10) Metaspace: 45691K(46336K)->45691K(46336K) NonClass: 40177K(40512K)->40177K(40512K) Class: 5513K(5824K)->5513K(5824K)
[2025-05-02T15:28:25.624+0530][gc          ] GC(10) Pause Young (Normal) (G1 Evacuation Pause) 197M->152M(1024M) 23.734ms
[2025-05-02T15:28:25.624+0530][gc,cpu      ] GC(10) User=0.03s Sys=0.07s Real=0.02s
[2025-05-02T15:43:34.437+0530][gc,start    ] GC(11) Pause Young (Normal) (G1 Evacuation Pause)
[2025-05-02T15:43:34.437+0530][gc,task     ] GC(11) Using 8 workers of 8 for evacuation
[2025-05-02T15:43:34.441+0530][gc,phases   ] GC(11)   Pre Evacuate Collection Set: 0.1ms
[2025-05-02T15:43:34.441+0530][gc,phases   ] GC(11)   Merge Heap Roots: 0.1ms
[2025-05-02T15:43:34.441+0530][gc,phases   ] GC(11)   Evacuate Collection Set: 3.4ms
[2025-05-02T15:43:34.441+0530][gc,phases   ] GC(11)   Post Evacuate Collection Set: 0.3ms
[2025-05-02T15:43:34.441+0530][gc,phases   ] GC(11)   Other: 0.2ms
[2025-05-02T15:43:34.441+0530][gc,heap     ] GC(11) Eden regions: 46->0(48)
[2025-05-02T15:43:34.441+0530][gc,heap     ] GC(11) Survivor regions: 5->3(7)
[2025-05-02T15:43:34.441+0530][gc,heap     ] GC(11) Old regions: 18->20
[2025-05-02T15:43:34.441+0530][gc,heap     ] GC(11) Archive regions: 2->2
[2025-05-02T15:43:34.441+0530][gc,heap     ] GC(11) Humongous regions: 129->129
[2025-05-02T15:43:34.441+0530][gc,metaspace] GC(11) Metaspace: 45765K(46400K)->45765K(46400K) NonClass: 40251K(40576K)->40251K(40576K) Class: 5513K(5824K)->5513K(5824K)
[2025-05-02T15:43:34.441+0530][gc          ] GC(11) Pause Young (Normal) (G1 Evacuation Pause) 198M->152M(1024M) 4.177ms
[2025-05-02T15:43:34.441+0530][gc,cpu      ] GC(11) User=0.03s Sys=0.00s Real=0.01s
[2025-05-02T15:52:47.018+0530][gc,start    ] GC(12) Pause Young (Normal) (G1 Evacuation Pause)
[2025-05-02T15:52:47.018+0530][gc,task     ] GC(12) Using 8 workers of 8 for evacuation
[2025-05-02T15:52:47.021+0530][gc,phases   ] GC(12)   Pre Evacuate Collection Set: 0.1ms
[2025-05-02T15:52:47.021+0530][gc,phases   ] GC(12)   Merge Heap Roots: 0.0ms
[2025-05-02T15:52:47.021+0530][gc,phases   ] GC(12)   Evacuate Collection Set: 2.7ms
[2025-05-02T15:52:47.021+0530][gc,phases   ] GC(12)   Post Evacuate Collection Set: 0.4ms
[2025-05-02T15:52:47.021+0530][gc,phases   ] GC(12)   Other: 0.2ms
[2025-05-02T15:52:47.021+0530][gc,heap     ] GC(12) Eden regions: 48->0(47)
[2025-05-02T15:52:47.021+0530][gc,heap     ] GC(12) Survivor regions: 3->4(7)
[2025-05-02T15:52:47.021+0530][gc,heap     ] GC(12) Old regions: 20->20
[2025-05-02T15:52:47.021+0530][gc,heap     ] GC(12) Archive regions: 2->2
[2025-05-02T15:52:47.021+0530][gc,heap     ] GC(12) Humongous regions: 129->129
[2025-05-02T15:52:47.021+0530][gc,metaspace] GC(12) Metaspace: 45825K(46464K)->45825K(46464K) NonClass: 40311K(40640K)->40311K(40640K) Class: 5513K(5824K)->5513K(5824K)
[2025-05-02T15:52:47.021+0530][gc          ] GC(12) Pause Young (Normal) (G1 Evacuation Pause) 200M->152M(1024M) 3.478ms
[2025-05-02T15:52:47.021+0530][gc,cpu      ] GC(12) User=0.02s Sys=0.00s Real=0.01s
[2025-05-02T19:37:59.408+0530][gc,start    ] GC(13) Pause Young (Normal) (G1 Evacuation Pause)
[2025-05-02T19:37:59.410+0530][gc,task     ] GC(13) Using 8 workers of 8 for evacuation
[2025-05-02T19:37:59.530+0530][gc,mmu      ] GC(13) MMU target violated: 21.0ms (20.0ms/21.0ms)
[2025-05-02T19:37:59.530+0530][gc,phases   ] GC(13)   Pre Evacuate Collection Set: 3.2ms
[2025-05-02T19:37:59.530+0530][gc,phases   ] GC(13)   Merge Heap Roots: 0.8ms
[2025-05-02T19:37:59.530+0530][gc,phases   ] GC(13)   Evacuate Collection Set: 113.9ms
[2025-05-02T19:37:59.530+0530][gc,phases   ] GC(13)   Post Evacuate Collection Set: 1.1ms
[2025-05-02T19:37:59.530+0530][gc,phases   ] GC(13)   Other: 4.0ms
[2025-05-02T19:37:59.530+0530][gc,heap     ] GC(13) Eden regions: 47->0(46)
[2025-05-02T19:37:59.530+0530][gc,heap     ] GC(13) Survivor regions: 4->5(7)
[2025-05-02T19:37:59.530+0530][gc,heap     ] GC(13) Old regions: 20->20
[2025-05-02T19:37:59.530+0530][gc,heap     ] GC(13) Archive regions: 2->2
[2025-05-02T19:37:59.530+0530][gc,heap     ] GC(13) Humongous regions: 129->129
[2025-05-02T19:37:59.530+0530][gc,metaspace] GC(13) Metaspace: 45944K(46592K)->45944K(46592K) NonClass: 40430K(40768K)->40430K(40768K) Class: 5513K(5824K)->5513K(5824K)
[2025-05-02T19:37:59.531+0530][gc          ] GC(13) Pause Young (Normal) (G1 Evacuation Pause) 199M->154M(1024M) 123.745ms
[2025-05-02T19:37:59.531+0530][gc,cpu      ] GC(13) User=0.07s Sys=0.28s Real=0.13s
[2025-05-02T22:34:26.022+0530][gc,start    ] GC(14) Pause Young (Normal) (G1 Evacuation Pause)
[2025-05-02T22:34:26.023+0530][gc,task     ] GC(14) Using 8 workers of 8 for evacuation
[2025-05-02T22:34:26.048+0530][gc,mmu      ] GC(14) MMU target violated: 21.0ms (20.0ms/21.0ms)
[2025-05-02T22:34:26.049+0530][gc,phases   ] GC(14)   Pre Evacuate Collection Set: 1.1ms
[2025-05-02T22:34:26.049+0530][gc,phases   ] GC(14)   Merge Heap Roots: 0.3ms
[2025-05-02T22:34:26.049+0530][gc,phases   ] GC(14)   Evacuate Collection Set: 22.7ms
[2025-05-02T22:34:26.049+0530][gc,phases   ] GC(14)   Post Evacuate Collection Set: 0.9ms
[2025-05-02T22:34:26.049+0530][gc,phases   ] GC(14)   Other: 2.2ms
[2025-05-02T22:34:26.049+0530][gc,heap     ] GC(14) Eden regions: 46->0(46)
[2025-05-02T22:34:26.049+0530][gc,heap     ] GC(14) Survivor regions: 5->5(7)
[2025-05-02T22:34:26.049+0530][gc,heap     ] GC(14) Old regions: 20->21
[2025-05-02T22:34:26.049+0530][gc,heap     ] GC(14) Archive regions: 2->2
[2025-05-02T22:34:26.049+0530][gc,heap     ] GC(14) Humongous regions: 129->129
[2025-05-02T22:34:26.049+0530][gc,metaspace] GC(14) Metaspace: 46049K(46656K)->46049K(46656K) NonClass: 40530K(40832K)->40530K(40832K) Class: 5519K(5824K)->5519K(5824K)
[2025-05-02T22:34:26.049+0530][gc          ] GC(14) Pause Young (Normal) (G1 Evacuation Pause) 200M->154M(1024M) 27.784ms
[2025-05-02T22:34:26.049+0530][gc,cpu      ] GC(14) User=0.04s Sys=0.08s Real=0.02s
[2025-05-02T22:42:15.365+0530][gc,start    ] GC(15) Pause Young (Normal) (G1 Evacuation Pause)
[2025-05-02T22:42:15.365+0530][gc,task     ] GC(15) Using 8 workers of 8 for evacuation
[2025-05-02T22:42:15.373+0530][gc,phases   ] GC(15)   Pre Evacuate Collection Set: 0.2ms
[2025-05-02T22:42:15.373+0530][gc,phases   ] GC(15)   Merge Heap Roots: 0.1ms
[2025-05-02T22:42:15.373+0530][gc,phases   ] GC(15)   Evacuate Collection Set: 7.1ms
[2025-05-02T22:42:15.373+0530][gc,phases   ] GC(15)   Post Evacuate Collection Set: 0.4ms
[2025-05-02T22:42:15.373+0530][gc,phases   ] GC(15)   Other: 0.2ms
[2025-05-02T22:42:15.373+0530][gc,heap     ] GC(15) Eden regions: 46->0(46)
[2025-05-02T22:42:15.374+0530][gc,heap     ] GC(15) Survivor regions: 5->5(7)
[2025-05-02T22:42:15.374+0530][gc,heap     ] GC(15) Old regions: 21->22
[2025-05-02T22:42:15.374+0530][gc,heap     ] GC(15) Archive regions: 2->2
[2025-05-02T22:42:15.374+0530][gc,heap     ] GC(15) Humongous regions: 129->129
[2025-05-02T22:42:15.374+0530][gc,metaspace] GC(15) Metaspace: 46084K(46720K)->46084K(46720K) NonClass: 40565K(40896K)->40565K(40896K) Class: 5519K(5824K)->5519K(5824K)
[2025-05-02T22:42:15.374+0530][gc          ] GC(15) Pause Young (Normal) (G1 Evacuation Pause) 200M->156M(1024M) 8.405ms
[2025-05-02T22:42:15.374+0530][gc,cpu      ] GC(15) User=0.03s Sys=0.01s Real=0.01s
[2025-05-03T08:51:46.920+0530][gc,start    ] GC(16) Pause Young (Normal) (G1 Evacuation Pause)
[2025-05-03T08:51:46.928+0530][gc,task     ] GC(16) Using 8 workers of 8 for evacuation
[2025-05-03T08:51:47.179+0530][gc,mmu      ] GC(16) MMU target violated: 21.0ms (20.0ms/21.0ms)
[2025-05-03T08:51:47.179+0530][gc,phases   ] GC(16)   Pre Evacuate Collection Set: 31.1ms
[2025-05-03T08:51:47.179+0530][gc,phases   ] GC(16)   Merge Heap Roots: 8.5ms
[2025-05-03T08:51:47.179+0530][gc,phases   ] GC(16)   Evacuate Collection Set: 203.7ms
[2025-05-03T08:51:47.179+0530][gc,phases   ] GC(16)   Post Evacuate Collection Set: 4.9ms
[2025-05-03T08:51:47.179+0530][gc,phases   ] GC(16)   Other: 16.5ms
[2025-05-03T08:51:47.180+0530][gc,heap     ] GC(16) Eden regions: 46->0(48)
[2025-05-03T08:51:47.180+0530][gc,heap     ] GC(16) Survivor regions: 5->3(7)
[2025-05-03T08:51:47.180+0530][gc,heap     ] GC(16) Old regions: 22->24
[2025-05-03T08:51:47.180+0530][gc,heap     ] GC(16) Archive regions: 2->2
[2025-05-03T08:51:47.180+0530][gc,heap     ] GC(16) Humongous regions: 129->129
[2025-05-03T08:51:47.180+0530][gc,metaspace] GC(16) Metaspace: 46159K(46784K)->46159K(46784K) NonClass: 40640K(40960K)->40640K(40960K) Class: 5519K(5824K)->5519K(5824K)
[2025-05-03T08:51:47.180+0530][gc          ] GC(16) Pause Young (Normal) (G1 Evacuation Pause) 202M->156M(1024M) 260.047ms
[2025-05-03T08:51:47.180+0530][gc,cpu      ] GC(16) User=0.06s Sys=0.31s Real=0.26s
[2025-05-03T12:52:23.516+0530][gc,start    ] GC(17) Pause Young (Normal) (G1 Evacuation Pause)
[2025-05-03T12:52:23.517+0530][gc,task     ] GC(17) Using 8 workers of 8 for evacuation
[2025-05-03T12:52:23.612+0530][gc,mmu      ] GC(17) MMU target violated: 21.0ms (20.0ms/21.0ms)
[2025-05-03T12:52:23.613+0530][gc,phases   ] GC(17)   Pre Evacuate Collection Set: 4.7ms
[2025-05-03T12:52:23.614+0530][gc,phases   ] GC(17)   Merge Heap Roots: 1.3ms
[2025-05-03T12:52:23.614+0530][gc,phases   ] GC(17)   Evacuate Collection Set: 85.4ms
[2025-05-03T12:52:23.614+0530][gc,phases   ] GC(17)   Post Evacuate Collection Set: 3.3ms
[2025-05-03T12:52:23.614+0530][gc,phases   ] GC(17)   Other: 4.5ms
[2025-05-03T12:52:23.614+0530][gc,heap     ] GC(17) Eden regions: 48->0(46)
[2025-05-03T12:52:23.614+0530][gc,heap     ] GC(17) Survivor regions: 3->5(7)
[2025-05-03T12:52:23.614+0530][gc,heap     ] GC(17) Old regions: 24->24
[2025-05-03T12:52:23.614+0530][gc,heap     ] GC(17) Archive regions: 2->2
[2025-05-03T12:52:23.614+0530][gc,heap     ] GC(17) Humongous regions: 129->129
[2025-05-03T12:52:23.615+0530][gc,metaspace] GC(17) Metaspace: 46277K(46912K)->46277K(46912K) NonClass: 40758K(41088K)->40758K(41088K) Class: 5519K(5824K)->5519K(5824K)
[2025-05-03T12:52:23.617+0530][gc          ] GC(17) Pause Young (Normal) (G1 Evacuation Pause) 204M->158M(1024M) 103.118ms
[2025-05-03T12:52:23.617+0530][gc,cpu      ] GC(17) User=0.12s Sys=0.25s Real=0.10s
[2025-05-03T14:59:15.272+0530][gc,heap,exit] Heap
[2025-05-03T14:59:15.272+0530][gc,heap,exit]  garbage-first heap   total 1048576K, used 182403K [0x00000007c0000000, 0x0000000800000000)
[2025-05-03T14:59:15.272+0530][gc,heap,exit]   region size 1024K, 25 young (25600K), 5 survivors (5120K)
[2025-05-03T14:59:15.272+0530][gc,heap,exit]  Metaspace       used 47086K, committed 47680K, reserved 1114112K
[2025-05-03T14:59:15.272+0530][gc,heap,exit]   class space    used 5700K, committed 5952K, reserved 1048576K
