[2025-05-16T10:20:35.122+0530][gc] Using G1
[2025-05-16T10:20:35.129+0530][gc,init] Version: 17.0.8+9-LTS-211 (release)
[2025-05-16T10:20:35.129+0530][gc,init] CPUs: 8 total, 8 available
[2025-05-16T10:20:35.129+0530][gc,init] Memory: 16384M
[2025-05-16T10:20:35.129+0530][gc,init] Large Page Support: Disabled
[2025-05-16T10:20:35.129+0530][gc,init] NUMA Support: Disabled
[2025-05-16T10:20:35.129+0530][gc,init] Compressed Oops: Enabled (Zero based)
[2025-05-16T10:20:35.129+0530][gc,init] Heap Region Size: 1M
[2025-05-16T10:20:35.129+0530][gc,init] Heap Min Capacity: 1G
[2025-05-16T10:20:35.129+0530][gc,init] Heap Initial Capacity: 1G
[2025-05-16T10:20:35.129+0530][gc,init] Heap Max Capacity: 1G
[2025-05-16T10:20:35.129+0530][gc,init] Pre-touch: Disabled
[2025-05-16T10:20:35.129+0530][gc,init] Parallel Workers: 8
[2025-05-16T10:20:35.129+0530][gc,init] Concurrent Workers: 2
[2025-05-16T10:20:35.129+0530][gc,init] Concurrent Refinement Workers: 8
[2025-05-16T10:20:35.129+0530][gc,init] Periodic GC: Disabled
[2025-05-16T10:20:35.137+0530][gc,metaspace] CDS archive(s) mapped at: [0x000000012a000000-0x000000012abe4000-0x000000012abe4000), size 12468224, SharedBaseAddress: 0x000000012a000000, ArchiveRelocationMode: 1.
[2025-05-16T10:20:35.137+0530][gc,metaspace] Compressed class space mapped at: 0x000000012b000000-0x000000016b000000, reserved size: 1073741824
[2025-05-16T10:20:35.137+0530][gc,metaspace] Narrow klass base: 0x000000012a000000, Narrow klass shift: 0, Narrow klass range: 0x100000000
[2025-05-16T10:20:36.650+0530][gc,start    ] GC(0) Pause Young (Normal) (G1 Evacuation Pause)
[2025-05-16T10:20:36.651+0530][gc,task     ] GC(0) Using 8 workers of 8 for evacuation
[2025-05-16T10:20:36.658+0530][gc,phases   ] GC(0)   Pre Evacuate Collection Set: 0.1ms
[2025-05-16T10:20:36.658+0530][gc,phases   ] GC(0)   Merge Heap Roots: 0.1ms
[2025-05-16T10:20:36.658+0530][gc,phases   ] GC(0)   Evacuate Collection Set: 6.3ms
[2025-05-16T10:20:36.658+0530][gc,phases   ] GC(0)   Post Evacuate Collection Set: 0.4ms
[2025-05-16T10:20:36.658+0530][gc,phases   ] GC(0)   Other: 0.6ms
[2025-05-16T10:20:36.658+0530][gc,heap     ] GC(0) Eden regions: 51->0(44)
[2025-05-16T10:20:36.658+0530][gc,heap     ] GC(0) Survivor regions: 0->7(7)
[2025-05-16T10:20:36.658+0530][gc,heap     ] GC(0) Old regions: 0->2
[2025-05-16T10:20:36.658+0530][gc,heap     ] GC(0) Archive regions: 2->2
[2025-05-16T10:20:36.658+0530][gc,heap     ] GC(0) Humongous regions: 0->0
[2025-05-16T10:20:36.658+0530][gc,metaspace] GC(0) Metaspace: 17554K(17728K)->17554K(17728K) NonClass: 15414K(15552K)->15414K(15552K) Class: 2140K(2176K)->2140K(2176K)
[2025-05-16T10:20:36.658+0530][gc          ] GC(0) Pause Young (Normal) (G1 Evacuation Pause) 51M->9M(1024M) 7.686ms
[2025-05-16T10:20:36.658+0530][gc,cpu      ] GC(0) User=0.03s Sys=0.01s Real=0.00s
[2025-05-16T10:20:36.990+0530][gc,start    ] GC(1) Pause Young (Concurrent Start) (Metadata GC Threshold)
[2025-05-16T10:20:36.990+0530][gc,task     ] GC(1) Using 8 workers of 8 for evacuation
[2025-05-16T10:20:36.999+0530][gc,phases   ] GC(1)   Pre Evacuate Collection Set: 0.2ms
[2025-05-16T10:20:36.999+0530][gc,phases   ] GC(1)   Merge Heap Roots: 0.2ms
[2025-05-16T10:20:36.999+0530][gc,phases   ] GC(1)   Evacuate Collection Set: 7.4ms
[2025-05-16T10:20:36.999+0530][gc,phases   ] GC(1)   Post Evacuate Collection Set: 0.4ms
[2025-05-16T10:20:36.999+0530][gc,phases   ] GC(1)   Other: 0.7ms
[2025-05-16T10:20:36.999+0530][gc,heap     ] GC(1) Eden regions: 15->0(50)
[2025-05-16T10:20:36.999+0530][gc,heap     ] GC(1) Survivor regions: 7->1(7)
[2025-05-16T10:20:36.999+0530][gc,heap     ] GC(1) Old regions: 2->8
[2025-05-16T10:20:36.999+0530][gc,heap     ] GC(1) Archive regions: 2->2
[2025-05-16T10:20:36.999+0530][gc,heap     ] GC(1) Humongous regions: 0->0
[2025-05-16T10:20:36.999+0530][gc,metaspace] GC(1) Metaspace: 21266K(21504K)->21266K(21504K) NonClass: 18639K(18752K)->18639K(18752K) Class: 2626K(2752K)->2626K(2752K)
[2025-05-16T10:20:36.999+0530][gc          ] GC(1) Pause Young (Concurrent Start) (Metadata GC Threshold) 23M->9M(1024M) 9.090ms
[2025-05-16T10:20:36.999+0530][gc,cpu      ] GC(1) User=0.04s Sys=0.01s Real=0.00s
[2025-05-16T10:20:36.999+0530][gc          ] GC(2) Concurrent Mark Cycle
[2025-05-16T10:20:36.999+0530][gc,marking  ] GC(2) Concurrent Clear Claimed Marks
[2025-05-16T10:20:36.999+0530][gc,marking  ] GC(2) Concurrent Clear Claimed Marks 0.024ms
[2025-05-16T10:20:36.999+0530][gc,marking  ] GC(2) Concurrent Scan Root Regions
[2025-05-16T10:20:37.002+0530][gc,marking  ] GC(2) Concurrent Scan Root Regions 2.719ms
[2025-05-16T10:20:37.002+0530][gc,marking  ] GC(2) Concurrent Mark
[2025-05-16T10:20:37.002+0530][gc,marking  ] GC(2) Concurrent Mark From Roots
[2025-05-16T10:20:37.002+0530][gc,task     ] GC(2) Using 2 workers of 2 for marking
[2025-05-16T10:20:37.005+0530][gc,marking  ] GC(2) Concurrent Mark From Roots 2.372ms
[2025-05-16T10:20:37.005+0530][gc,marking  ] GC(2) Concurrent Preclean
[2025-05-16T10:20:37.005+0530][gc,marking  ] GC(2) Concurrent Preclean 0.033ms
[2025-05-16T10:20:37.005+0530][gc,start    ] GC(2) Pause Remark
[2025-05-16T10:20:37.006+0530][gc          ] GC(2) Pause Remark 10M->10M(1024M) 1.500ms
[2025-05-16T10:20:37.006+0530][gc,cpu      ] GC(2) User=0.01s Sys=0.00s Real=0.00s
[2025-05-16T10:20:37.006+0530][gc,marking  ] GC(2) Concurrent Mark 4.347ms
[2025-05-16T10:20:37.006+0530][gc,marking  ] GC(2) Concurrent Rebuild Remembered Sets
[2025-05-16T10:20:37.006+0530][gc,marking  ] GC(2) Concurrent Rebuild Remembered Sets 0.010ms
[2025-05-16T10:20:37.007+0530][gc,start    ] GC(2) Pause Cleanup
[2025-05-16T10:20:37.007+0530][gc          ] GC(2) Pause Cleanup 10M->10M(1024M) 0.039ms
[2025-05-16T10:20:37.007+0530][gc,cpu      ] GC(2) User=0.00s Sys=0.00s Real=0.00s
[2025-05-16T10:20:37.007+0530][gc,marking  ] GC(2) Concurrent Cleanup for Next Mark
[2025-05-16T10:20:37.012+0530][gc,marking  ] GC(2) Concurrent Cleanup for Next Mark 5.718ms
[2025-05-16T10:20:37.012+0530][gc          ] GC(2) Concurrent Mark Cycle 13.351ms
[2025-05-16T10:20:38.703+0530][gc,start    ] GC(3) Pause Young (Normal) (G1 Evacuation Pause)
[2025-05-16T10:20:38.703+0530][gc,task     ] GC(3) Using 8 workers of 8 for evacuation
[2025-05-16T10:20:38.708+0530][gc,phases   ] GC(3)   Pre Evacuate Collection Set: 0.1ms
[2025-05-16T10:20:38.708+0530][gc,phases   ] GC(3)   Merge Heap Roots: 0.1ms
[2025-05-16T10:20:38.708+0530][gc,phases   ] GC(3)   Evacuate Collection Set: 3.6ms
[2025-05-16T10:20:38.708+0530][gc,phases   ] GC(3)   Post Evacuate Collection Set: 0.3ms
[2025-05-16T10:20:38.708+0530][gc,phases   ] GC(3)   Other: 0.1ms
[2025-05-16T10:20:38.708+0530][gc,heap     ] GC(3) Eden regions: 50->0(45)
[2025-05-16T10:20:38.708+0530][gc,heap     ] GC(3) Survivor regions: 1->6(7)
[2025-05-16T10:20:38.708+0530][gc,heap     ] GC(3) Old regions: 8->8
[2025-05-16T10:20:38.708+0530][gc,heap     ] GC(3) Archive regions: 2->2
[2025-05-16T10:20:38.708+0530][gc,heap     ] GC(3) Humongous regions: 129->129
[2025-05-16T10:20:38.708+0530][gc,metaspace] GC(3) Metaspace: 30819K(31040K)->30819K(31040K) NonClass: 27316K(27456K)->27316K(27456K) Class: 3503K(3584K)->3503K(3584K)
[2025-05-16T10:20:38.708+0530][gc          ] GC(3) Pause Young (Normal) (G1 Evacuation Pause) 188M->143M(1024M) 4.402ms
[2025-05-16T10:20:38.708+0530][gc,cpu      ] GC(3) User=0.03s Sys=0.00s Real=0.00s
[2025-05-16T10:20:39.107+0530][gc,start    ] GC(4) Pause Young (Concurrent Start) (Metadata GC Threshold)
[2025-05-16T10:20:39.107+0530][gc,task     ] GC(4) Using 8 workers of 8 for evacuation
[2025-05-16T10:20:39.120+0530][gc,phases   ] GC(4)   Pre Evacuate Collection Set: 0.1ms
[2025-05-16T10:20:39.120+0530][gc,phases   ] GC(4)   Merge Heap Roots: 0.0ms
[2025-05-16T10:20:39.120+0530][gc,phases   ] GC(4)   Evacuate Collection Set: 12.2ms
[2025-05-16T10:20:39.120+0530][gc,phases   ] GC(4)   Post Evacuate Collection Set: 0.7ms
[2025-05-16T10:20:39.120+0530][gc,phases   ] GC(4)   Other: 0.2ms
[2025-05-16T10:20:39.120+0530][gc,heap     ] GC(4) Eden regions: 20->0(49)
[2025-05-16T10:20:39.120+0530][gc,heap     ] GC(4) Survivor regions: 6->2(7)
[2025-05-16T10:20:39.120+0530][gc,heap     ] GC(4) Old regions: 8->14
[2025-05-16T10:20:39.120+0530][gc,heap     ] GC(4) Archive regions: 2->2
[2025-05-16T10:20:39.120+0530][gc,heap     ] GC(4) Humongous regions: 129->129
[2025-05-16T10:20:39.120+0530][gc,metaspace] GC(4) Metaspace: 35665K(35968K)->35665K(35968K) NonClass: 31680K(31808K)->31680K(31808K) Class: 3985K(4160K)->3985K(4160K)
[2025-05-16T10:20:39.120+0530][gc          ] GC(4) Pause Young (Concurrent Start) (Metadata GC Threshold) 163M->145M(1024M) 13.723ms
[2025-05-16T10:20:39.120+0530][gc,cpu      ] GC(4) User=0.04s Sys=0.00s Real=0.02s
[2025-05-16T10:20:39.120+0530][gc          ] GC(5) Concurrent Mark Cycle
[2025-05-16T10:20:39.121+0530][gc,marking  ] GC(5) Concurrent Clear Claimed Marks
[2025-05-16T10:20:39.121+0530][gc,marking  ] GC(5) Concurrent Clear Claimed Marks 0.043ms
[2025-05-16T10:20:39.121+0530][gc,marking  ] GC(5) Concurrent Scan Root Regions
[2025-05-16T10:20:39.125+0530][gc,marking  ] GC(5) Concurrent Scan Root Regions 4.849ms
[2025-05-16T10:20:39.126+0530][gc,marking  ] GC(5) Concurrent Mark
[2025-05-16T10:20:39.126+0530][gc,marking  ] GC(5) Concurrent Mark From Roots
[2025-05-16T10:20:39.126+0530][gc,task     ] GC(5) Using 2 workers of 2 for marking
[2025-05-16T10:20:39.137+0530][gc,marking  ] GC(5) Concurrent Mark From Roots 11.558ms
[2025-05-16T10:20:39.137+0530][gc,marking  ] GC(5) Concurrent Preclean
[2025-05-16T10:20:39.137+0530][gc,marking  ] GC(5) Concurrent Preclean 0.096ms
[2025-05-16T10:20:39.138+0530][gc,start    ] GC(5) Pause Remark
[2025-05-16T10:20:39.139+0530][gc          ] GC(5) Pause Remark 147M->147M(1024M) 1.437ms
[2025-05-16T10:20:39.139+0530][gc,cpu      ] GC(5) User=0.01s Sys=0.00s Real=0.00s
[2025-05-16T10:20:39.139+0530][gc,marking  ] GC(5) Concurrent Mark 13.681ms
[2025-05-16T10:20:39.139+0530][gc,marking  ] GC(5) Concurrent Rebuild Remembered Sets
[2025-05-16T10:20:39.147+0530][gc,marking  ] GC(5) Concurrent Rebuild Remembered Sets 7.731ms
[2025-05-16T10:20:39.147+0530][gc,start    ] GC(5) Pause Cleanup
[2025-05-16T10:20:39.147+0530][gc          ] GC(5) Pause Cleanup 148M->148M(1024M) 0.153ms
[2025-05-16T10:20:39.147+0530][gc,cpu      ] GC(5) User=0.00s Sys=0.00s Real=0.00s
[2025-05-16T10:20:39.147+0530][gc,marking  ] GC(5) Concurrent Cleanup for Next Mark
[2025-05-16T10:20:39.157+0530][gc,marking  ] GC(5) Concurrent Cleanup for Next Mark 9.277ms
[2025-05-16T10:20:39.157+0530][gc          ] GC(5) Concurrent Mark Cycle 36.206ms
[2025-05-16T10:25:07.848+0530][gc,start    ] GC(6) Pause Young (Normal) (G1 Evacuation Pause)
[2025-05-16T10:25:07.848+0530][gc,task     ] GC(6) Using 8 workers of 8 for evacuation
[2025-05-16T10:25:07.855+0530][gc,phases   ] GC(6)   Pre Evacuate Collection Set: 0.2ms
[2025-05-16T10:25:07.855+0530][gc,phases   ] GC(6)   Merge Heap Roots: 0.2ms
[2025-05-16T10:25:07.855+0530][gc,phases   ] GC(6)   Evacuate Collection Set: 5.7ms
[2025-05-16T10:25:07.855+0530][gc,phases   ] GC(6)   Post Evacuate Collection Set: 0.6ms
[2025-05-16T10:25:07.855+0530][gc,phases   ] GC(6)   Other: 0.2ms
[2025-05-16T10:25:07.855+0530][gc,heap     ] GC(6) Eden regions: 49->0(47)
[2025-05-16T10:25:07.855+0530][gc,heap     ] GC(6) Survivor regions: 2->4(7)
[2025-05-16T10:25:07.855+0530][gc,heap     ] GC(6) Old regions: 14->14
[2025-05-16T10:25:07.855+0530][gc,heap     ] GC(6) Archive regions: 2->2
[2025-05-16T10:25:07.855+0530][gc,heap     ] GC(6) Humongous regions: 135->129
[2025-05-16T10:25:07.855+0530][gc,metaspace] GC(6) Metaspace: 42078K(42560K)->42078K(42560K) NonClass: 36952K(37248K)->36952K(37248K) Class: 5125K(5312K)->5125K(5312K)
[2025-05-16T10:25:07.855+0530][gc          ] GC(6) Pause Young (Normal) (G1 Evacuation Pause) 200M->147M(1024M) 7.121ms
[2025-05-16T10:25:07.855+0530][gc,cpu      ] GC(6) User=0.04s Sys=0.00s Real=0.01s
[2025-05-16T10:37:12.173+0530][gc,start    ] GC(7) Pause Young (Normal) (G1 Evacuation Pause)
[2025-05-16T10:37:12.175+0530][gc,task     ] GC(7) Using 8 workers of 8 for evacuation
[2025-05-16T10:37:12.182+0530][gc,phases   ] GC(7)   Pre Evacuate Collection Set: 0.2ms
[2025-05-16T10:37:12.182+0530][gc,phases   ] GC(7)   Merge Heap Roots: 0.1ms
[2025-05-16T10:37:12.182+0530][gc,phases   ] GC(7)   Evacuate Collection Set: 5.4ms
[2025-05-16T10:37:12.182+0530][gc,phases   ] GC(7)   Post Evacuate Collection Set: 1.1ms
[2025-05-16T10:37:12.182+0530][gc,phases   ] GC(7)   Other: 2.3ms
[2025-05-16T10:37:12.182+0530][gc,heap     ] GC(7) Eden regions: 47->0(47)
[2025-05-16T10:37:12.182+0530][gc,heap     ] GC(7) Survivor regions: 4->4(7)
[2025-05-16T10:37:12.182+0530][gc,heap     ] GC(7) Old regions: 14->15
[2025-05-16T10:37:12.182+0530][gc,heap     ] GC(7) Archive regions: 2->2
[2025-05-16T10:37:12.182+0530][gc,heap     ] GC(7) Humongous regions: 129->129
[2025-05-16T10:37:12.182+0530][gc,metaspace] GC(7) Metaspace: 44144K(44800K)->44144K(44800K) NonClass: 38725K(39104K)->38725K(39104K) Class: 5419K(5696K)->5419K(5696K)
[2025-05-16T10:37:12.182+0530][gc          ] GC(7) Pause Young (Normal) (G1 Evacuation Pause) 194M->148M(1024M) 9.383ms
[2025-05-16T10:37:12.182+0530][gc,cpu      ] GC(7) User=0.04s Sys=0.01s Real=0.01s
[2025-05-16T10:52:28.578+0530][gc,start    ] GC(8) Pause Young (Normal) (G1 Evacuation Pause)
[2025-05-16T10:52:28.579+0530][gc,task     ] GC(8) Using 8 workers of 8 for evacuation
[2025-05-16T10:52:28.591+0530][gc,phases   ] GC(8)   Pre Evacuate Collection Set: 0.2ms
[2025-05-16T10:52:28.591+0530][gc,phases   ] GC(8)   Merge Heap Roots: 0.3ms
[2025-05-16T10:52:28.591+0530][gc,phases   ] GC(8)   Evacuate Collection Set: 10.0ms
[2025-05-16T10:52:28.591+0530][gc,phases   ] GC(8)   Post Evacuate Collection Set: 0.7ms
[2025-05-16T10:52:28.591+0530][gc,phases   ] GC(8)   Other: 2.1ms
[2025-05-16T10:52:28.591+0530][gc,heap     ] GC(8) Eden regions: 47->0(46)
[2025-05-16T10:52:28.591+0530][gc,heap     ] GC(8) Survivor regions: 4->5(7)
[2025-05-16T10:52:28.591+0530][gc,heap     ] GC(8) Old regions: 15->15
[2025-05-16T10:52:28.591+0530][gc,heap     ] GC(8) Archive regions: 2->2
[2025-05-16T10:52:28.591+0530][gc,heap     ] GC(8) Humongous regions: 129->129
[2025-05-16T10:52:28.591+0530][gc,metaspace] GC(8) Metaspace: 44439K(45120K)->44439K(45120K) NonClass: 39019K(39424K)->39019K(39424K) Class: 5420K(5696K)->5420K(5696K)
[2025-05-16T10:52:28.591+0530][gc          ] GC(8) Pause Young (Normal) (G1 Evacuation Pause) 195M->149M(1024M) 13.443ms
[2025-05-16T10:52:28.591+0530][gc,cpu      ] GC(8) User=0.04s Sys=0.03s Real=0.02s
[2025-05-16T11:01:41.563+0530][gc,start    ] GC(9) Pause Young (Normal) (G1 Evacuation Pause)
[2025-05-16T11:01:41.565+0530][gc,task     ] GC(9) Using 8 workers of 8 for evacuation
[2025-05-16T11:01:41.574+0530][gc,phases   ] GC(9)   Pre Evacuate Collection Set: 0.1ms
[2025-05-16T11:01:41.574+0530][gc,phases   ] GC(9)   Merge Heap Roots: 0.1ms
[2025-05-16T11:01:41.574+0530][gc,phases   ] GC(9)   Evacuate Collection Set: 7.8ms
[2025-05-16T11:01:41.574+0530][gc,phases   ] GC(9)   Post Evacuate Collection Set: 0.6ms
[2025-05-16T11:01:41.574+0530][gc,phases   ] GC(9)   Other: 2.0ms
[2025-05-16T11:01:41.574+0530][gc,heap     ] GC(9) Eden regions: 46->0(52)
[2025-05-16T11:01:41.574+0530][gc,heap     ] GC(9) Survivor regions: 5->4(7)
[2025-05-16T11:01:41.574+0530][gc,heap     ] GC(9) Old regions: 15->18
[2025-05-16T11:01:41.574+0530][gc,heap     ] GC(9) Archive regions: 2->2
[2025-05-16T11:01:41.574+0530][gc,heap     ] GC(9) Humongous regions: 129->129
[2025-05-16T11:01:41.574+0530][gc,metaspace] GC(9) Metaspace: 45084K(45696K)->45084K(45696K) NonClass: 39606K(39936K)->39606K(39936K) Class: 5478K(5760K)->5478K(5760K)
[2025-05-16T11:01:41.574+0530][gc          ] GC(9) Pause Young (Normal) (G1 Evacuation Pause) 195M->150M(1024M) 10.864ms
[2025-05-16T11:01:41.574+0530][gc,cpu      ] GC(9) User=0.04s Sys=0.00s Real=0.01s
[2025-05-16T11:11:51.611+0530][gc,start    ] GC(10) Pause Young (Normal) (G1 Evacuation Pause)
[2025-05-16T11:11:51.612+0530][gc,task     ] GC(10) Using 8 workers of 8 for evacuation
[2025-05-16T11:11:51.630+0530][gc,phases   ] GC(10)   Pre Evacuate Collection Set: 0.2ms
[2025-05-16T11:11:51.630+0530][gc,phases   ] GC(10)   Merge Heap Roots: 0.1ms
[2025-05-16T11:11:51.630+0530][gc,phases   ] GC(10)   Evacuate Collection Set: 16.7ms
[2025-05-16T11:11:51.630+0530][gc,phases   ] GC(10)   Post Evacuate Collection Set: 0.9ms
[2025-05-16T11:11:51.630+0530][gc,phases   ] GC(10)   Other: 0.6ms
[2025-05-16T11:11:51.630+0530][gc,heap     ] GC(10) Eden regions: 52->0(46)
[2025-05-16T11:11:51.630+0530][gc,heap     ] GC(10) Survivor regions: 4->5(7)
[2025-05-16T11:11:51.630+0530][gc,heap     ] GC(10) Old regions: 18->18
[2025-05-16T11:11:51.630+0530][gc,heap     ] GC(10) Archive regions: 2->2
[2025-05-16T11:11:51.630+0530][gc,heap     ] GC(10) Humongous regions: 129->129
[2025-05-16T11:11:51.630+0530][gc,metaspace] GC(10) Metaspace: 45170K(45760K)->45170K(45760K) NonClass: 39691K(40000K)->39691K(40000K) Class: 5479K(5760K)->5479K(5760K)
[2025-05-16T11:11:51.631+0530][gc          ] GC(10) Pause Young (Normal) (G1 Evacuation Pause) 202M->151M(1024M) 19.101ms
[2025-05-16T11:11:51.631+0530][gc,cpu      ] GC(10) User=0.05s Sys=0.04s Real=0.02s
[2025-05-16T11:13:54.176+0530][gc,heap,exit] Heap
[2025-05-16T11:13:54.176+0530][gc,heap,exit]  garbage-first heap   total 1048576K, used 174810K [0x00000007c0000000, 0x0000000800000000)
[2025-05-16T11:13:54.176+0530][gc,heap,exit]   region size 1024K, 25 young (25600K), 5 survivors (5120K)
[2025-05-16T11:13:54.176+0530][gc,heap,exit]  Metaspace       used 46000K, committed 46656K, reserved 1114112K
[2025-05-16T11:13:54.176+0530][gc,heap,exit]   class space    used 5652K, committed 5952K, reserved 1048576K
