[2025-05-16T07:27:39.968+0530][gc] Using G1
[2025-05-16T07:27:39.974+0530][gc,init] Version: 17.0.8+9-LTS-211 (release)
[2025-05-16T07:27:39.974+0530][gc,init] CPUs: 8 total, 8 available
[2025-05-16T07:27:39.974+0530][gc,init] Memory: 16384M
[2025-05-16T07:27:39.974+0530][gc,init] Large Page Support: Disabled
[2025-05-16T07:27:39.974+0530][gc,init] NUMA Support: Disabled
[2025-05-16T07:27:39.974+0530][gc,init] Compressed Oops: Enabled (Zero based)
[2025-05-16T07:27:39.974+0530][gc,init] Heap Region Size: 1M
[2025-05-16T07:27:39.974+0530][gc,init] Heap Min Capacity: 1G
[2025-05-16T07:27:39.974+0530][gc,init] Heap Initial Capacity: 1G
[2025-05-16T07:27:39.974+0530][gc,init] Heap Max Capacity: 1G
[2025-05-16T07:27:39.974+0530][gc,init] Pre-touch: Disabled
[2025-05-16T07:27:39.974+0530][gc,init] Parallel Workers: 8
[2025-05-16T07:27:39.974+0530][gc,init] Concurrent Workers: 2
[2025-05-16T07:27:39.974+0530][gc,init] Concurrent Refinement Workers: 8
[2025-05-16T07:27:39.974+0530][gc,init] Periodic GC: Disabled
[2025-05-16T07:27:39.982+0530][gc,metaspace] CDS archive(s) mapped at: [0x000000012c000000-0x000000012cbe4000-0x000000012cbe4000), size 12468224, SharedBaseAddress: 0x000000012c000000, ArchiveRelocationMode: 1.
[2025-05-16T07:27:39.982+0530][gc,metaspace] Compressed class space mapped at: 0x000000012d000000-0x000000016d000000, reserved size: 1073741824
[2025-05-16T07:27:39.982+0530][gc,metaspace] Narrow klass base: 0x000000012c000000, Narrow klass shift: 0, Narrow klass range: 0x100000000
[2025-05-16T07:27:41.512+0530][gc,start    ] GC(0) Pause Young (Normal) (G1 Evacuation Pause)
[2025-05-16T07:27:41.513+0530][gc,task     ] GC(0) Using 8 workers of 8 for evacuation
[2025-05-16T07:27:41.519+0530][gc,phases   ] GC(0)   Pre Evacuate Collection Set: 0.1ms
[2025-05-16T07:27:41.519+0530][gc,phases   ] GC(0)   Merge Heap Roots: 0.1ms
[2025-05-16T07:27:41.519+0530][gc,phases   ] GC(0)   Evacuate Collection Set: 5.3ms
[2025-05-16T07:27:41.519+0530][gc,phases   ] GC(0)   Post Evacuate Collection Set: 0.4ms
[2025-05-16T07:27:41.519+0530][gc,phases   ] GC(0)   Other: 0.6ms
[2025-05-16T07:27:41.519+0530][gc,heap     ] GC(0) Eden regions: 51->0(44)
[2025-05-16T07:27:41.519+0530][gc,heap     ] GC(0) Survivor regions: 0->7(7)
[2025-05-16T07:27:41.519+0530][gc,heap     ] GC(0) Old regions: 0->2
[2025-05-16T07:27:41.519+0530][gc,heap     ] GC(0) Archive regions: 2->2
[2025-05-16T07:27:41.519+0530][gc,heap     ] GC(0) Humongous regions: 0->0
[2025-05-16T07:27:41.519+0530][gc,metaspace] GC(0) Metaspace: 17732K(17984K)->17732K(17984K) NonClass: 15571K(15680K)->15571K(15680K) Class: 2161K(2304K)->2161K(2304K)
[2025-05-16T07:27:41.519+0530][gc          ] GC(0) Pause Young (Normal) (G1 Evacuation Pause) 51M->9M(1024M) 6.696ms
[2025-05-16T07:27:41.519+0530][gc,cpu      ] GC(0) User=0.03s Sys=0.01s Real=0.00s
[2025-05-16T07:27:41.911+0530][gc,start    ] GC(1) Pause Young (Concurrent Start) (Metadata GC Threshold)
[2025-05-16T07:27:41.911+0530][gc,task     ] GC(1) Using 8 workers of 8 for evacuation
[2025-05-16T07:27:41.917+0530][gc,phases   ] GC(1)   Pre Evacuate Collection Set: 0.1ms
[2025-05-16T07:27:41.917+0530][gc,phases   ] GC(1)   Merge Heap Roots: 0.1ms
[2025-05-16T07:27:41.917+0530][gc,phases   ] GC(1)   Evacuate Collection Set: 5.1ms
[2025-05-16T07:27:41.917+0530][gc,phases   ] GC(1)   Post Evacuate Collection Set: 0.4ms
[2025-05-16T07:27:41.917+0530][gc,phases   ] GC(1)   Other: 0.3ms
[2025-05-16T07:27:41.917+0530][gc,heap     ] GC(1) Eden regions: 15->0(49)
[2025-05-16T07:27:41.917+0530][gc,heap     ] GC(1) Survivor regions: 7->2(7)
[2025-05-16T07:27:41.917+0530][gc,heap     ] GC(1) Old regions: 2->9
[2025-05-16T07:27:41.917+0530][gc,heap     ] GC(1) Archive regions: 2->2
[2025-05-16T07:27:41.917+0530][gc,heap     ] GC(1) Humongous regions: 129->129
[2025-05-16T07:27:41.917+0530][gc,metaspace] GC(1) Metaspace: 21342K(21504K)->21342K(21504K) NonClass: 18732K(18816K)->18732K(18816K) Class: 2610K(2688K)->2610K(2688K)
[2025-05-16T07:27:41.917+0530][gc          ] GC(1) Pause Young (Concurrent Start) (Metadata GC Threshold) 153M->140M(1024M) 6.177ms
[2025-05-16T07:27:41.918+0530][gc,cpu      ] GC(1) User=0.03s Sys=0.01s Real=0.00s
[2025-05-16T07:27:41.918+0530][gc          ] GC(2) Concurrent Mark Cycle
[2025-05-16T07:27:41.918+0530][gc,marking  ] GC(2) Concurrent Clear Claimed Marks
[2025-05-16T07:27:41.918+0530][gc,marking  ] GC(2) Concurrent Clear Claimed Marks 0.020ms
[2025-05-16T07:27:41.918+0530][gc,marking  ] GC(2) Concurrent Scan Root Regions
[2025-05-16T07:27:41.920+0530][gc,marking  ] GC(2) Concurrent Scan Root Regions 2.630ms
[2025-05-16T07:27:41.920+0530][gc,marking  ] GC(2) Concurrent Mark
[2025-05-16T07:27:41.920+0530][gc,marking  ] GC(2) Concurrent Mark From Roots
[2025-05-16T07:27:41.920+0530][gc,task     ] GC(2) Using 2 workers of 2 for marking
[2025-05-16T07:27:41.923+0530][gc,marking  ] GC(2) Concurrent Mark From Roots 2.206ms
[2025-05-16T07:27:41.923+0530][gc,marking  ] GC(2) Concurrent Preclean
[2025-05-16T07:27:41.923+0530][gc,marking  ] GC(2) Concurrent Preclean 0.054ms
[2025-05-16T07:27:41.923+0530][gc,start    ] GC(2) Pause Remark
[2025-05-16T07:27:41.924+0530][gc          ] GC(2) Pause Remark 140M->140M(1024M) 1.612ms
[2025-05-16T07:27:41.924+0530][gc,cpu      ] GC(2) User=0.01s Sys=0.00s Real=0.00s
[2025-05-16T07:27:41.925+0530][gc,marking  ] GC(2) Concurrent Mark 4.169ms
[2025-05-16T07:27:41.925+0530][gc,marking  ] GC(2) Concurrent Rebuild Remembered Sets
[2025-05-16T07:27:41.927+0530][gc,marking  ] GC(2) Concurrent Rebuild Remembered Sets 2.675ms
[2025-05-16T07:27:41.927+0530][gc,start    ] GC(2) Pause Cleanup
[2025-05-16T07:27:41.928+0530][gc          ] GC(2) Pause Cleanup 141M->141M(1024M) 0.181ms
[2025-05-16T07:27:41.928+0530][gc,cpu      ] GC(2) User=0.00s Sys=0.00s Real=0.00s
[2025-05-16T07:27:41.928+0530][gc,marking  ] GC(2) Concurrent Cleanup for Next Mark
[2025-05-16T07:27:41.934+0530][gc,marking  ] GC(2) Concurrent Cleanup for Next Mark 5.895ms
[2025-05-16T07:27:41.934+0530][gc          ] GC(2) Concurrent Mark Cycle 16.006ms
[2025-05-16T07:27:42.761+0530][gc,start    ] GC(3) Pause Young (Normal) (G1 Evacuation Pause)
[2025-05-16T07:27:42.761+0530][gc,task     ] GC(3) Using 8 workers of 8 for evacuation
[2025-05-16T07:27:42.766+0530][gc,phases   ] GC(3)   Pre Evacuate Collection Set: 0.1ms
[2025-05-16T07:27:42.766+0530][gc,phases   ] GC(3)   Merge Heap Roots: 0.1ms
[2025-05-16T07:27:42.767+0530][gc,phases   ] GC(3)   Evacuate Collection Set: 5.0ms
[2025-05-16T07:27:42.767+0530][gc,phases   ] GC(3)   Post Evacuate Collection Set: 0.4ms
[2025-05-16T07:27:42.767+0530][gc,phases   ] GC(3)   Other: 0.2ms
[2025-05-16T07:27:42.767+0530][gc,heap     ] GC(3) Eden regions: 49->0(44)
[2025-05-16T07:27:42.767+0530][gc,heap     ] GC(3) Survivor regions: 2->7(7)
[2025-05-16T07:27:42.767+0530][gc,heap     ] GC(3) Old regions: 9->9
[2025-05-16T07:27:42.767+0530][gc,heap     ] GC(3) Archive regions: 2->2
[2025-05-16T07:27:42.767+0530][gc,heap     ] GC(3) Humongous regions: 129->129
[2025-05-16T07:27:42.767+0530][gc,metaspace] GC(3) Metaspace: 32728K(32960K)->32728K(32960K) NonClass: 29074K(29184K)->29074K(29184K) Class: 3653K(3776K)->3653K(3776K)
[2025-05-16T07:27:42.767+0530][gc          ] GC(3) Pause Young (Normal) (G1 Evacuation Pause) 189M->144M(1024M) 5.978ms
[2025-05-16T07:27:42.767+0530][gc,cpu      ] GC(3) User=0.04s Sys=0.00s Real=0.00s
[2025-05-16T07:27:42.982+0530][gc,start    ] GC(4) Pause Young (Concurrent Start) (Metadata GC Threshold)
[2025-05-16T07:27:42.982+0530][gc,task     ] GC(4) Using 8 workers of 8 for evacuation
[2025-05-16T07:27:42.987+0530][gc,phases   ] GC(4)   Pre Evacuate Collection Set: 0.1ms
[2025-05-16T07:27:42.987+0530][gc,phases   ] GC(4)   Merge Heap Roots: 0.1ms
[2025-05-16T07:27:42.987+0530][gc,phases   ] GC(4)   Evacuate Collection Set: 4.7ms
[2025-05-16T07:27:42.987+0530][gc,phases   ] GC(4)   Post Evacuate Collection Set: 0.4ms
[2025-05-16T07:27:42.987+0530][gc,phases   ] GC(4)   Other: 0.2ms
[2025-05-16T07:27:42.987+0530][gc,heap     ] GC(4) Eden regions: 14->0(49)
[2025-05-16T07:27:42.987+0530][gc,heap     ] GC(4) Survivor regions: 7->2(7)
[2025-05-16T07:27:42.987+0530][gc,heap     ] GC(4) Old regions: 9->15
[2025-05-16T07:27:42.987+0530][gc,heap     ] GC(4) Archive regions: 2->2
[2025-05-16T07:27:42.987+0530][gc,heap     ] GC(4) Humongous regions: 129->129
[2025-05-16T07:27:42.987+0530][gc,metaspace] GC(4) Metaspace: 35742K(35968K)->35742K(35968K) NonClass: 31697K(31808K)->31697K(31808K) Class: 4045K(4160K)->4045K(4160K)
[2025-05-16T07:27:42.987+0530][gc          ] GC(4) Pause Young (Concurrent Start) (Metadata GC Threshold) 158M->145M(1024M) 5.568ms
[2025-05-16T07:27:42.987+0530][gc,cpu      ] GC(4) User=0.03s Sys=0.00s Real=0.00s
[2025-05-16T07:27:42.987+0530][gc          ] GC(5) Concurrent Mark Cycle
[2025-05-16T07:27:42.987+0530][gc,marking  ] GC(5) Concurrent Clear Claimed Marks
[2025-05-16T07:27:42.987+0530][gc,marking  ] GC(5) Concurrent Clear Claimed Marks 0.018ms
[2025-05-16T07:27:42.987+0530][gc,marking  ] GC(5) Concurrent Scan Root Regions
[2025-05-16T07:27:42.990+0530][gc,marking  ] GC(5) Concurrent Scan Root Regions 3.059ms
[2025-05-16T07:27:42.990+0530][gc,marking  ] GC(5) Concurrent Mark
[2025-05-16T07:27:42.990+0530][gc,marking  ] GC(5) Concurrent Mark From Roots
[2025-05-16T07:27:42.990+0530][gc,task     ] GC(5) Using 2 workers of 2 for marking
[2025-05-16T07:27:42.996+0530][gc,marking  ] GC(5) Concurrent Mark From Roots 5.435ms
[2025-05-16T07:27:42.996+0530][gc,marking  ] GC(5) Concurrent Preclean
[2025-05-16T07:27:42.996+0530][gc,marking  ] GC(5) Concurrent Preclean 0.059ms
[2025-05-16T07:27:42.996+0530][gc,start    ] GC(5) Pause Remark
[2025-05-16T07:27:42.997+0530][gc          ] GC(5) Pause Remark 146M->146M(1024M) 1.143ms
[2025-05-16T07:27:42.997+0530][gc,cpu      ] GC(5) User=0.01s Sys=0.00s Real=0.00s
[2025-05-16T07:27:42.997+0530][gc,marking  ] GC(5) Concurrent Mark 6.944ms
[2025-05-16T07:27:42.997+0530][gc,marking  ] GC(5) Concurrent Rebuild Remembered Sets
[2025-05-16T07:27:43.003+0530][gc,marking  ] GC(5) Concurrent Rebuild Remembered Sets 5.260ms
[2025-05-16T07:27:43.003+0530][gc,start    ] GC(5) Pause Cleanup
[2025-05-16T07:27:43.003+0530][gc          ] GC(5) Pause Cleanup 146M->146M(1024M) 0.150ms
[2025-05-16T07:27:43.003+0530][gc,cpu      ] GC(5) User=0.00s Sys=0.00s Real=0.00s
[2025-05-16T07:27:43.003+0530][gc,marking  ] GC(5) Concurrent Cleanup for Next Mark
[2025-05-16T07:27:43.008+0530][gc,marking  ] GC(5) Concurrent Cleanup for Next Mark 5.070ms
[2025-05-16T07:27:43.008+0530][gc          ] GC(5) Concurrent Mark Cycle 21.021ms
[2025-05-16T07:47:48.594+0530][gc,start    ] GC(6) Pause Young (Normal) (G1 Evacuation Pause)
[2025-05-16T07:47:48.594+0530][gc,task     ] GC(6) Using 8 workers of 8 for evacuation
[2025-05-16T07:47:48.598+0530][gc,phases   ] GC(6)   Pre Evacuate Collection Set: 0.2ms
[2025-05-16T07:47:48.598+0530][gc,phases   ] GC(6)   Merge Heap Roots: 0.1ms
[2025-05-16T07:47:48.598+0530][gc,phases   ] GC(6)   Evacuate Collection Set: 3.3ms
[2025-05-16T07:47:48.598+0530][gc,phases   ] GC(6)   Post Evacuate Collection Set: 0.5ms
[2025-05-16T07:47:48.598+0530][gc,phases   ] GC(6)   Other: 0.5ms
[2025-05-16T07:47:48.598+0530][gc,heap     ] GC(6) Eden regions: 49->0(47)
[2025-05-16T07:47:48.598+0530][gc,heap     ] GC(6) Survivor regions: 2->4(7)
[2025-05-16T07:47:48.598+0530][gc,heap     ] GC(6) Old regions: 15->15
[2025-05-16T07:47:48.598+0530][gc,heap     ] GC(6) Archive regions: 2->2
[2025-05-16T07:47:48.598+0530][gc,heap     ] GC(6) Humongous regions: 129->129
[2025-05-16T07:47:48.598+0530][gc,metaspace] GC(6) Metaspace: 41563K(42048K)->41563K(42048K) NonClass: 36579K(36864K)->36579K(36864K) Class: 4983K(5184K)->4983K(5184K)
[2025-05-16T07:47:48.598+0530][gc          ] GC(6) Pause Young (Normal) (G1 Evacuation Pause) 194M->148M(1024M) 4.705ms
[2025-05-16T07:47:48.598+0530][gc,cpu      ] GC(6) User=0.03s Sys=0.00s Real=0.00s
[2025-05-16T08:01:21.987+0530][gc,start    ] GC(7) Pause Young (Normal) (G1 Evacuation Pause)
[2025-05-16T08:01:21.989+0530][gc,task     ] GC(7) Using 8 workers of 8 for evacuation
[2025-05-16T08:01:21.995+0530][gc,phases   ] GC(7)   Pre Evacuate Collection Set: 0.2ms
[2025-05-16T08:01:21.995+0530][gc,phases   ] GC(7)   Merge Heap Roots: 0.1ms
[2025-05-16T08:01:21.995+0530][gc,phases   ] GC(7)   Evacuate Collection Set: 4.2ms
[2025-05-16T08:01:21.995+0530][gc,phases   ] GC(7)   Post Evacuate Collection Set: 0.9ms
[2025-05-16T08:01:21.995+0530][gc,phases   ] GC(7)   Other: 2.1ms
[2025-05-16T08:01:21.995+0530][gc,heap     ] GC(7) Eden regions: 47->0(46)
[2025-05-16T08:01:21.995+0530][gc,heap     ] GC(7) Survivor regions: 4->5(7)
[2025-05-16T08:01:21.995+0530][gc,heap     ] GC(7) Old regions: 15->15
[2025-05-16T08:01:21.995+0530][gc,heap     ] GC(7) Archive regions: 2->2
[2025-05-16T08:01:21.995+0530][gc,heap     ] GC(7) Humongous regions: 129->129
[2025-05-16T08:01:21.995+0530][gc,metaspace] GC(7) Metaspace: 43380K(44032K)->43380K(44032K) NonClass: 38165K(38528K)->38165K(38528K) Class: 5215K(5504K)->5215K(5504K)
[2025-05-16T08:01:21.995+0530][gc          ] GC(7) Pause Young (Normal) (G1 Evacuation Pause) 195M->149M(1024M) 7.698ms
[2025-05-16T08:01:21.995+0530][gc,cpu      ] GC(7) User=0.03s Sys=0.01s Real=0.01s
[2025-05-16T08:20:03.772+0530][gc,start    ] GC(8) Pause Young (Normal) (G1 Evacuation Pause)
[2025-05-16T08:20:03.772+0530][gc,task     ] GC(8) Using 8 workers of 8 for evacuation
[2025-05-16T08:20:03.793+0530][gc,mmu      ] GC(8) MMU target violated: 21.0ms (20.0ms/21.0ms)
[2025-05-16T08:20:03.794+0530][gc,phases   ] GC(8)   Pre Evacuate Collection Set: 1.2ms
[2025-05-16T08:20:03.794+0530][gc,phases   ] GC(8)   Merge Heap Roots: 0.2ms
[2025-05-16T08:20:03.794+0530][gc,phases   ] GC(8)   Evacuate Collection Set: 17.3ms
[2025-05-16T08:20:03.794+0530][gc,phases   ] GC(8)   Post Evacuate Collection Set: 2.5ms
[2025-05-16T08:20:03.794+0530][gc,phases   ] GC(8)   Other: 1.0ms
[2025-05-16T08:20:03.794+0530][gc,heap     ] GC(8) Eden regions: 46->0(49)
[2025-05-16T08:20:03.794+0530][gc,heap     ] GC(8) Survivor regions: 5->2(7)
[2025-05-16T08:20:03.794+0530][gc,heap     ] GC(8) Old regions: 15->18
[2025-05-16T08:20:03.794+0530][gc,heap     ] GC(8) Archive regions: 2->2
[2025-05-16T08:20:03.794+0530][gc,heap     ] GC(8) Humongous regions: 129->129
[2025-05-16T08:20:03.794+0530][gc,metaspace] GC(8) Metaspace: 43561K(44224K)->43561K(44224K) NonClass: 38346K(38720K)->38346K(38720K) Class: 5215K(5504K)->5215K(5504K)
[2025-05-16T08:20:03.794+0530][gc          ] GC(8) Pause Young (Normal) (G1 Evacuation Pause) 195M->149M(1024M) 22.483ms
[2025-05-16T08:20:03.794+0530][gc,cpu      ] GC(8) User=0.03s Sys=0.02s Real=0.02s
[2025-05-16T08:31:23.247+0530][gc,start    ] GC(9) Pause Young (Normal) (G1 Evacuation Pause)
[2025-05-16T08:31:23.249+0530][gc,task     ] GC(9) Using 8 workers of 8 for evacuation
[2025-05-16T08:31:23.264+0530][gc,phases   ] GC(9)   Pre Evacuate Collection Set: 0.2ms
[2025-05-16T08:31:23.264+0530][gc,phases   ] GC(9)   Merge Heap Roots: 0.1ms
[2025-05-16T08:31:23.264+0530][gc,phases   ] GC(9)   Evacuate Collection Set: 14.3ms
[2025-05-16T08:31:23.264+0530][gc,phases   ] GC(9)   Post Evacuate Collection Set: 0.6ms
[2025-05-16T08:31:23.264+0530][gc,phases   ] GC(9)   Other: 2.0ms
[2025-05-16T08:31:23.264+0530][gc,heap     ] GC(9) Eden regions: 49->0(46)
[2025-05-16T08:31:23.264+0530][gc,heap     ] GC(9) Survivor regions: 2->5(7)
[2025-05-16T08:31:23.264+0530][gc,heap     ] GC(9) Old regions: 18->18
[2025-05-16T08:31:23.264+0530][gc,heap     ] GC(9) Archive regions: 2->2
[2025-05-16T08:31:23.264+0530][gc,heap     ] GC(9) Humongous regions: 129->129
[2025-05-16T08:31:23.264+0530][gc,metaspace] GC(9) Metaspace: 44234K(44864K)->44234K(44864K) NonClass: 38979K(39296K)->38979K(39296K) Class: 5254K(5568K)->5254K(5568K)
[2025-05-16T08:31:23.264+0530][gc          ] GC(9) Pause Young (Normal) (G1 Evacuation Pause) 198M->152M(1024M) 17.439ms
[2025-05-16T08:31:23.264+0530][gc,cpu      ] GC(9) User=0.03s Sys=0.03s Real=0.02s
[2025-05-16T08:55:29.738+0530][gc,start    ] GC(10) Pause Young (Normal) (G1 Evacuation Pause)
[2025-05-16T08:55:29.741+0530][gc,task     ] GC(10) Using 8 workers of 8 for evacuation
[2025-05-16T08:55:29.748+0530][gc,phases   ] GC(10)   Pre Evacuate Collection Set: 0.3ms
[2025-05-16T08:55:29.748+0530][gc,phases   ] GC(10)   Merge Heap Roots: 0.1ms
[2025-05-16T08:55:29.748+0530][gc,phases   ] GC(10)   Evacuate Collection Set: 6.2ms
[2025-05-16T08:55:29.748+0530][gc,phases   ] GC(10)   Post Evacuate Collection Set: 0.5ms
[2025-05-16T08:55:29.748+0530][gc,phases   ] GC(10)   Other: 2.3ms
[2025-05-16T08:55:29.748+0530][gc,heap     ] GC(10) Eden regions: 46->0(46)
[2025-05-16T08:55:29.748+0530][gc,heap     ] GC(10) Survivor regions: 5->5(7)
[2025-05-16T08:55:29.748+0530][gc,heap     ] GC(10) Old regions: 18->20
[2025-05-16T08:55:29.748+0530][gc,heap     ] GC(10) Archive regions: 2->2
[2025-05-16T08:55:29.748+0530][gc,heap     ] GC(10) Humongous regions: 129->129
[2025-05-16T08:55:29.748+0530][gc,metaspace] GC(10) Metaspace: 44351K(44992K)->44351K(44992K) NonClass: 39094K(39424K)->39094K(39424K) Class: 5257K(5568K)->5257K(5568K)
[2025-05-16T08:55:29.748+0530][gc          ] GC(10) Pause Young (Normal) (G1 Evacuation Pause) 198M->153M(1024M) 9.696ms
[2025-05-16T08:55:29.748+0530][gc,cpu      ] GC(10) User=0.04s Sys=0.00s Real=0.01s
[2025-05-16T08:58:58.262+0530][gc,heap,exit] Heap
[2025-05-16T08:58:58.262+0530][gc,heap,exit]  garbage-first heap   total 1048576K, used 176787K [0x00000007c0000000, 0x0000000800000000)
[2025-05-16T08:58:58.262+0530][gc,heap,exit]   region size 1024K, 24 young (24576K), 5 survivors (5120K)
[2025-05-16T08:58:58.262+0530][gc,heap,exit]  Metaspace       used 45231K, committed 45824K, reserved 1114112K
[2025-05-16T08:58:58.262+0530][gc,heap,exit]   class space    used 5438K, committed 5696K, reserved 1048576K
